1/29                                 
2/29 [logo-file]                     
3/29                                 
4/29 [load-library]                  
5/29                                 
6/29 [set-dir-and-file-names]        
7/29                                 
8/29 [unnamed-chunk-1]               
9/29                                 
10/29 [read-object]                   
11/29                                 
12/29 [use-seurat-integration]        
13/29                                 
14/29 [use-harmony-integration]       
15/29                                 
16/29 [use-liger-integration]         
17/29                                 
18/29 [plot-unitegrated-vs-integrated]
19/29                                 
20/29 [plot-clusters]                 
21/29                                 
22/29 [plot-fraction-of-cells]        
23/29                                 
24/29 [save-obj]                      
25/29                                 
26/29 [unnamed-chunk-2]               
27/29                                 
28/29 [unnamed-chunk-3]               
29/29                                 
1/29                                 
2/29 [logo-file]                     
3/29                                 
4/29 [load-library]                  
5/29                                 
6/29 [set-dir-and-file-names]        
7/29                                 
8/29 [unnamed-chunk-1]               
9/29                                 
10/29 [read-object]                   
11/29                                 
12/29 [use-seurat-integration]        
13/29                                 
14/29 [use-harmony-integration]       
15/29                                 
16/29 [use-liger-integration]         
17/29                                 
18/29 [plot-unitegrated-vs-integrated]
19/29                                 
20/29 [plot-clusters]                 
21/29                                 
22/29 [plot-fraction-of-cells]        
23/29                                 
24/29 [save-obj]                      
25/29                                 
26/29 [unnamed-chunk-2]               
27/29                                 
28/29 [unnamed-chunk-3]               
29/29                                 
