

processing file: 01_run_SoupX.Rmd
output file: 01_run_SoupX.knit.md


Output created: plots/01_SoupX/Report-SoupX-2026-09-12.html


processing file: 01_run_SoupX.Rmd
output file: 01_run_SoupX.knit.md

Warning: Package microtype Warning: Unable to apply patch `footnote' on input line 137.
Warning: Package fancyhdr Warning: \headheight is too small (68.9055pt): 
Warning: (fancyhdr)                Make it at least 124.52832pt, for example:
Warning: (fancyhdr)                \setlength{\headheight}{124.52832pt}.
Warning: (fancyhdr)                You might also make \topmargin smaller:
Warning: (fancyhdr)                \addtolength{\topmargin}{-55.62282pt}.

Output created: plots/01_SoupX/Report-SoupX-2026-09-12.pdf


processing file: 02A_run_seurat_qc.Rmd
Calculating gene variances
0%   10   20   30   40   50   60   70   80   90   100%
[----|----|----|----|----|----|----|----|----|----|
**************************************************|
Calculating feature variances of standardized and clipped values
0%   10   20   30   40   50   60   70   80   90   100%
[----|----|----|----|----|----|----|----|----|----|
**************************************************|
output file: 02A_run_seurat_qc.knit.md


Output created: plots/02_Seurat_qc/DYE_2519/Report-seurat-qc-DYE_2519-2026-09-12.html


processing file: 02A_run_seurat_qc.Rmd
Calculating gene variances
0%   10   20   30   40   50   60   70   80   90   100%
[----|----|----|----|----|----|----|----|----|----|
**************************************************|
Calculating feature variances of standardized and clipped values
0%   10   20   30   40   50   60   70   80   90   100%
[----|----|----|----|----|----|----|----|----|----|
**************************************************|
output file: 02A_run_seurat_qc.knit.md

Warning: Package microtype Warning: Unable to apply patch `footnote' on input line 126.
Warning: Package fancyhdr Warning: \headheight is too small (68.9055pt): 
Warning: (fancyhdr)                Make it at least 124.52832pt, for example:
Warning: (fancyhdr)                \setlength{\headheight}{124.52832pt}.
Warning: (fancyhdr)                You might also make \topmargin smaller:
Warning: (fancyhdr)                \addtolength{\topmargin}{-55.62282pt}.

Output created: plots/02_Seurat_qc/DYE_2519/Report-seurat-qc-DYE_2519-2026-09-12.pdf


processing file: 02A_run_seurat_qc.Rmd
Calculating gene variances
0%   10   20   30   40   50   60   70   80   90   100%
[----|----|----|----|----|----|----|----|----|----|
**************************************************|
Calculating feature variances of standardized and clipped values
0%   10   20   30   40   50   60   70   80   90   100%
[----|----|----|----|----|----|----|----|----|----|
**************************************************|
output file: 02A_run_seurat_qc.knit.md


Output created: plots/02_Seurat_qc/DYE_2520/Report-seurat-qc-DYE_2520-2026-09-12.html


processing file: 02A_run_seurat_qc.Rmd
Calculating gene variances
0%   10   20   30   40   50   60   70   80   90   100%
[----|----|----|----|----|----|----|----|----|----|
**************************************************|
Calculating feature variances of standardized and clipped values
0%   10   20   30   40   50   60   70   80   90   100%
[----|----|----|----|----|----|----|----|----|----|
**************************************************|
output file: 02A_run_seurat_qc.knit.md

Warning: Package microtype Warning: Unable to apply patch `footnote' on input line 126.
Warning: Package fancyhdr Warning: \headheight is too small (68.9055pt): 
Warning: (fancyhdr)                Make it at least 124.52832pt, for example:
Warning: (fancyhdr)                \setlength{\headheight}{124.52832pt}.
Warning: (fancyhdr)                You might also make \topmargin smaller:
Warning: (fancyhdr)                \addtolength{\topmargin}{-55.62282pt}.

Output created: plots/02_Seurat_qc/DYE_2520/Report-seurat-qc-DYE_2520-2026-09-12.pdf


processing file: 02A_run_seurat_qc.Rmd
Calculating gene variances
0%   10   20   30   40   50   60   70   80   90   100%
[----|----|----|----|----|----|----|----|----|----|
**************************************************|
Calculating feature variances of standardized and clipped values
0%   10   20   30   40   50   60   70   80   90   100%
[----|----|----|----|----|----|----|----|----|----|
**************************************************|
output file: 02A_run_seurat_qc.knit.md


Output created: plots/02_Seurat_qc/DYE_2521/Report-seurat-qc-DYE_2521-2026-09-12.html


processing file: 02A_run_seurat_qc.Rmd
Calculating gene variances
0%   10   20   30   40   50   60   70   80   90   100%
[----|----|----|----|----|----|----|----|----|----|
**************************************************|
Calculating feature variances of standardized and clipped values
0%   10   20   30   40   50   60   70   80   90   100%
[----|----|----|----|----|----|----|----|----|----|
**************************************************|
output file: 02A_run_seurat_qc.knit.md

Warning: Package microtype Warning: Unable to apply patch `footnote' on input line 126.
Warning: Package fancyhdr Warning: \headheight is too small (68.9055pt): 
Warning: (fancyhdr)                Make it at least 124.52832pt, for example:
Warning: (fancyhdr)                \setlength{\headheight}{124.52832pt}.
Warning: (fancyhdr)                You might also make \topmargin smaller:
Warning: (fancyhdr)                \addtolength{\topmargin}{-55.62282pt}.

Output created: plots/02_Seurat_qc/DYE_2521/Report-seurat-qc-DYE_2521-2026-09-12.pdf


processing file: 02A_run_seurat_qc.Rmd
Calculating gene variances
0%   10   20   30   40   50   60   70   80   90   100%
[----|----|----|----|----|----|----|----|----|----|
**************************************************|
Calculating feature variances of standardized and clipped values
0%   10   20   30   40   50   60   70   80   90   100%
[----|----|----|----|----|----|----|----|----|----|
**************************************************|
output file: 02A_run_seurat_qc.knit.md


Output created: plots/02_Seurat_qc/DYE_2522/Report-seurat-qc-DYE_2522-2026-09-12.html


processing file: 02A_run_seurat_qc.Rmd
Calculating gene variances
0%   10   20   30   40   50   60   70   80   90   100%
[----|----|----|----|----|----|----|----|----|----|
**************************************************|
Calculating feature variances of standardized and clipped values
0%   10   20   30   40   50   60   70   80   90   100%
[----|----|----|----|----|----|----|----|----|----|
**************************************************|
output file: 02A_run_seurat_qc.knit.md

Warning: Package microtype Warning: Unable to apply patch `footnote' on input line 126.
Warning: Package fancyhdr Warning: \headheight is too small (68.9055pt): 
Warning: (fancyhdr)                Make it at least 124.52832pt, for example:
Warning: (fancyhdr)                \setlength{\headheight}{124.52832pt}.
Warning: (fancyhdr)                You might also make \topmargin smaller:
Warning: (fancyhdr)                \addtolength{\topmargin}{-55.62282pt}.

Output created: plots/02_Seurat_qc/DYE_2522/Report-seurat-qc-DYE_2522-2026-09-12.pdf
Warning messages:
1: In read.table(file = file, header = header, sep = sep, quote = quote,  :
  incomplete final line found by readTableHeader on '/sc-rna-seq-snap-legacy-Victoria-Knockout-shareable/data/project_metadata//project_metadata.tsv'
2: ggrepel: 18 unlabeled data points (too many overlaps). Consider increasing max.overlaps 
3: ggrepel: 18 unlabeled data points (too many overlaps). Consider increasing max.overlaps 
4: ggrepel: 18 unlabeled data points (too many overlaps). Consider increasing max.overlaps 
5: ggrepel: 18 unlabeled data points (too many overlaps). Consider increasing max.overlaps 
6: ggrepel: 15 unlabeled data points (too many overlaps). Consider increasing max.overlaps 
7: ggrepel: 15 unlabeled data points (too many overlaps). Consider increasing max.overlaps 
8: ggrepel: 15 unlabeled data points (too many overlaps). Consider increasing max.overlaps 
9: ggrepel: 15 unlabeled data points (too many overlaps). Consider increasing max.overlaps 


processing file: 03_run_scDblFinder.Rmd
Calculating gene variances
0%   10   20   30   40   50   60   70   80   90   100%
[----|----|----|----|----|----|----|----|----|----|
**************************************************|
Calculating feature variances of standardized and clipped values
0%   10   20   30   40   50   60   70   80   90   100%
[----|----|----|----|----|----|----|----|----|----|
**************************************************|
Calculating gene variances
0%   10   20   30   40   50   60   70   80   90   100%
[----|----|----|----|----|----|----|----|----|----|
**************************************************|
Calculating feature variances of standardized and clipped values
0%   10   20   30   40   50   60   70   80   90   100%
[----|----|----|----|----|----|----|----|----|----|
**************************************************|
Calculating gene variances
0%   10   20   30   40   50   60   70   80   90   100%
[----|----|----|----|----|----|----|----|----|----|
**************************************************|
Calculating feature variances of standardized and clipped values
0%   10   20   30   40   50   60   70   80   90   100%
[----|----|----|----|----|----|----|----|----|----|
**************************************************|
Calculating gene variances
0%   10   20   30   40   50   60   70   80   90   100%
[----|----|----|----|----|----|----|----|----|----|
**************************************************|
Calculating feature variances of standardized and clipped values
0%   10   20   30   40   50   60   70   80   90   100%
[----|----|----|----|----|----|----|----|----|----|
**************************************************|
output file: 03_run_scDblFinder.knit.md


Output created: plots/03_scDblFinder/Report-scDblFinder-2026-09-12.html


processing file: 03_run_scDblFinder.Rmd
Calculating gene variances
0%   10   20   30   40   50   60   70   80   90   100%
[----|----|----|----|----|----|----|----|----|----|
**************************************************|
Calculating feature variances of standardized and clipped values
0%   10   20   30   40   50   60   70   80   90   100%
[----|----|----|----|----|----|----|----|----|----|
**************************************************|
Calculating gene variances
0%   10   20   30   40   50   60   70   80   90   100%
[----|----|----|----|----|----|----|----|----|----|
**************************************************|
Calculating feature variances of standardized and clipped values
0%   10   20   30   40   50   60   70   80   90   100%
[----|----|----|----|----|----|----|----|----|----|
**************************************************|
Calculating gene variances
0%   10   20   30   40   50   60   70   80   90   100%
[----|----|----|----|----|----|----|----|----|----|
**************************************************|
Calculating feature variances of standardized and clipped values
0%   10   20   30   40   50   60   70   80   90   100%
[----|----|----|----|----|----|----|----|----|----|
**************************************************|
Calculating gene variances
0%   10   20   30   40   50   60   70   80   90   100%
[----|----|----|----|----|----|----|----|----|----|
**************************************************|
Calculating feature variances of standardized and clipped values
0%   10   20   30   40   50   60   70   80   90   100%
[----|----|----|----|----|----|----|----|----|----|
**************************************************|
output file: 03_run_scDblFinder.knit.md

Warning: Package microtype Warning: Unable to apply patch `footnote' on input line 137.
Warning: Package fancyhdr Warning: \headheight is too small (68.9055pt): 
Warning: (fancyhdr)                Make it at least 124.52832pt, for example:
Warning: (fancyhdr)                \setlength{\headheight}{124.52832pt}.
Warning: (fancyhdr)                You might also make \topmargin smaller:
Warning: (fancyhdr)                \addtolength{\topmargin}{-55.62282pt}.

Output created: plots/03_scDblFinder/Report-scDblFinder-2026-09-12.pdf


processing file: 04_run_filter_object.Rmd
Calculating gene variances
0%   10   20   30   40   50   60   70   80   90   100%
[----|----|----|----|----|----|----|----|----|----|
**************************************************|
Calculating feature variances of standardized and clipped values
0%   10   20   30   40   50   60   70   80   90   100%
[----|----|----|----|----|----|----|----|----|----|
**************************************************|
output file: 04_run_filter_object.knit.md


Output created: plots/04_Filter_object/Report-Filter-object-2026-09-12.html


processing file: 04_run_filter_object.Rmd
Calculating gene variances
0%   10   20   30   40   50   60   70   80   90   100%
[----|----|----|----|----|----|----|----|----|----|
**************************************************|
Calculating feature variances of standardized and clipped values
0%   10   20   30   40   50   60   70   80   90   100%
[----|----|----|----|----|----|----|----|----|----|
**************************************************|
output file: 04_run_filter_object.knit.md

Warning: Package microtype Warning: Unable to apply patch `footnote' on input line 137.
Warning: Package fancyhdr Warning: \headheight is too small (68.9055pt): 
Warning: (fancyhdr)                Make it at least 124.52832pt, for example:
Warning: (fancyhdr)                \setlength{\headheight}{124.52832pt}.
Warning: (fancyhdr)                You might also make \topmargin smaller:
Warning: (fancyhdr)                \addtolength{\topmargin}{-55.62282pt}.

Output created: plots/04_Filter_object/Report-Filter-object-2026-09-12.pdf


processing file: 05_run_summary_report.Rmd
output file: 05_run_summary_report.knit.md


Output created: plots/05_Final_summary_report/Report-Final-summary-2026-09-12.html


processing file: 05_run_summary_report.Rmd
output file: 05_run_summary_report.knit.md

Warning: Package microtype Warning: Unable to apply patch `footnote' on input line 137.
Warning: Package fancyhdr Warning: \headheight is too small (68.9055pt): 
Warning: (fancyhdr)                Make it at least 124.52832pt, for example:
Warning: (fancyhdr)                \setlength{\headheight}{124.52832pt}.
Warning: (fancyhdr)                You might also make \topmargin smaller:
Warning: (fancyhdr)                \addtolength{\topmargin}{-55.62282pt}.

Output created: plots/05_Final_summary_report/Report-Final-summary-2026-09-12.pdf
INFO:    Terminating squashfuse_ll after timeout
INFO:    Timeouts can be caused by a running background process
