
------------------------------------------------------------
Sender: LSF System <lsfadmin@noderome327>
Subject: Job 323198973: <snap-EzjJvSqfwT-optional-run_integrative-integrative-xkRunSwGI1ql> in cluster <hpcf_research_cluster> Done

Job <snap-EzjJvSqfwT-optional-run_integrative-integrative-xkRunSwGI1ql> was submitted from host <noderome274> by user <achroni> in cluster <hpcf_research_cluster> at Thu Sep 17 21:19:08 2026
Job was executed on host(s) <noderome327>, in queue <standard>, as user <achroni> in cluster <hpcf_research_cluster> at Thu Sep 17 21:19:15 2026
</dir> was used as the home directory.
</dir/stjude-biohackathon-KIDS26-testing/antonia_chroni/daedalus-v2/sc-rna-seq-snap-sprocket-Victoria-Knockout> was used as the working directory.
Started at Thu Sep 17 21:19:15 2026
Terminated at Thu Sep 17 21:29:29 2026
Results reported at Thu Sep 17 21:29:29 2026

Your job looked like:

------------------------------------------------------------
# LSBATCH: User input
/dir/stjude-biohackathon-KIDS26-testing/antonia_chroni/daedalus-v2/sc-rna-seq-snap-sprocket-Victoria-Knockout/out/runs/daedalus_from_cellranger/2026-09-18_011508101889588/calls/integrative/attempts/0/apptainer_command
------------------------------------------------------------

Successfully completed.

Resource usage summary:

    CPU time :                                   620.05 sec.
    Max Memory :                                 10623 MB
    Average Memory :                             7588.33 MB
    Total Requested Memory :                     110626.22 MB
    Delta Memory :                               100003.22 MB
    Max Swap :                                   -
    Max Processes :                              12
    Max Threads :                                51
    Run time :                                   613 sec.
    Turnaround time :                            621 sec.

The output (if any) is above this job summary.



PS:

Read file </dir/stjude-biohackathon-KIDS26-testing/antonia_chroni/daedalus-v2/sc-rna-seq-snap-sprocket-Victoria-Knockout/out/runs/daedalus_from_cellranger/2026-09-18_011508101889588/calls/integrative/attempts/0/job.323198973.stderr> for stderr output of this job.

