Started analysis of DYE_2519_rep1_1657569_DYE_2519_S15_L004_R2_001.fastq.gz
Approx 5% complete for DYE_2519_rep1_1657569_DYE_2519_S15_L004_R2_001.fastq.gz
Approx 10% complete for DYE_2519_rep1_1657569_DYE_2519_S15_L004_R2_001.fastq.gz
Approx 15% complete for DYE_2519_rep1_1657569_DYE_2519_S15_L004_R2_001.fastq.gz
Approx 20% complete for DYE_2519_rep1_1657569_DYE_2519_S15_L004_R2_001.fastq.gz
Approx 25% complete for DYE_2519_rep1_1657569_DYE_2519_S15_L004_R2_001.fastq.gz
Approx 30% complete for DYE_2519_rep1_1657569_DYE_2519_S15_L004_R2_001.fastq.gz
Approx 35% complete for DYE_2519_rep1_1657569_DYE_2519_S15_L004_R2_001.fastq.gz
Approx 40% complete for DYE_2519_rep1_1657569_DYE_2519_S15_L004_R2_001.fastq.gz
Approx 45% complete for DYE_2519_rep1_1657569_DYE_2519_S15_L004_R2_001.fastq.gz
Approx 50% complete for DYE_2519_rep1_1657569_DYE_2519_S15_L004_R2_001.fastq.gz
Approx 55% complete for DYE_2519_rep1_1657569_DYE_2519_S15_L004_R2_001.fastq.gz
Approx 60% complete for DYE_2519_rep1_1657569_DYE_2519_S15_L004_R2_001.fastq.gz
Approx 65% complete for DYE_2519_rep1_1657569_DYE_2519_S15_L004_R2_001.fastq.gz
Approx 70% complete for DYE_2519_rep1_1657569_DYE_2519_S15_L004_R2_001.fastq.gz
Approx 75% complete for DYE_2519_rep1_1657569_DYE_2519_S15_L004_R2_001.fastq.gz
Approx 80% complete for DYE_2519_rep1_1657569_DYE_2519_S15_L004_R2_001.fastq.gz
Approx 85% complete for DYE_2519_rep1_1657569_DYE_2519_S15_L004_R2_001.fastq.gz
Approx 90% complete for DYE_2519_rep1_1657569_DYE_2519_S15_L004_R2_001.fastq.gz
Approx 95% complete for DYE_2519_rep1_1657569_DYE_2519_S15_L004_R2_001.fastq.gz
Started analysis of DYE_2520_rep1_1657570_DYE_2520_S16_L004_R2_001.fastq.gz
Approx 5% complete for DYE_2520_rep1_1657570_DYE_2520_S16_L004_R2_001.fastq.gz
Approx 10% complete for DYE_2520_rep1_1657570_DYE_2520_S16_L004_R2_001.fastq.gz
Approx 15% complete for DYE_2520_rep1_1657570_DYE_2520_S16_L004_R2_001.fastq.gz
Approx 20% complete for DYE_2520_rep1_1657570_DYE_2520_S16_L004_R2_001.fastq.gz
Approx 25% complete for DYE_2520_rep1_1657570_DYE_2520_S16_L004_R2_001.fastq.gz
Approx 30% complete for DYE_2520_rep1_1657570_DYE_2520_S16_L004_R2_001.fastq.gz
Approx 35% complete for DYE_2520_rep1_1657570_DYE_2520_S16_L004_R2_001.fastq.gz
Approx 40% complete for DYE_2520_rep1_1657570_DYE_2520_S16_L004_R2_001.fastq.gz
Approx 45% complete for DYE_2520_rep1_1657570_DYE_2520_S16_L004_R2_001.fastq.gz
Approx 50% complete for DYE_2520_rep1_1657570_DYE_2520_S16_L004_R2_001.fastq.gz
Approx 55% complete for DYE_2520_rep1_1657570_DYE_2520_S16_L004_R2_001.fastq.gz
Approx 60% complete for DYE_2520_rep1_1657570_DYE_2520_S16_L004_R2_001.fastq.gz
Approx 65% complete for DYE_2520_rep1_1657570_DYE_2520_S16_L004_R2_001.fastq.gz
Approx 70% complete for DYE_2520_rep1_1657570_DYE_2520_S16_L004_R2_001.fastq.gz
Approx 75% complete for DYE_2520_rep1_1657570_DYE_2520_S16_L004_R2_001.fastq.gz
Approx 80% complete for DYE_2520_rep1_1657570_DYE_2520_S16_L004_R2_001.fastq.gz
Approx 85% complete for DYE_2520_rep1_1657570_DYE_2520_S16_L004_R2_001.fastq.gz
Approx 90% complete for DYE_2520_rep1_1657570_DYE_2520_S16_L004_R2_001.fastq.gz
Approx 95% complete for DYE_2520_rep1_1657570_DYE_2520_S16_L004_R2_001.fastq.gz
Started analysis of DYE_2521_rep1_1657571_DYE_2521_S17_L004_R2_001.fastq.gz
Approx 5% complete for DYE_2521_rep1_1657571_DYE_2521_S17_L004_R2_001.fastq.gz
Approx 10% complete for DYE_2521_rep1_1657571_DYE_2521_S17_L004_R2_001.fastq.gz
Approx 15% complete for DYE_2521_rep1_1657571_DYE_2521_S17_L004_R2_001.fastq.gz
Approx 20% complete for DYE_2521_rep1_1657571_DYE_2521_S17_L004_R2_001.fastq.gz
Approx 25% complete for DYE_2521_rep1_1657571_DYE_2521_S17_L004_R2_001.fastq.gz
Approx 30% complete for DYE_2521_rep1_1657571_DYE_2521_S17_L004_R2_001.fastq.gz
Approx 35% complete for DYE_2521_rep1_1657571_DYE_2521_S17_L004_R2_001.fastq.gz
Approx 40% complete for DYE_2521_rep1_1657571_DYE_2521_S17_L004_R2_001.fastq.gz
Approx 45% complete for DYE_2521_rep1_1657571_DYE_2521_S17_L004_R2_001.fastq.gz
Approx 50% complete for DYE_2521_rep1_1657571_DYE_2521_S17_L004_R2_001.fastq.gz
Approx 55% complete for DYE_2521_rep1_1657571_DYE_2521_S17_L004_R2_001.fastq.gz
Approx 60% complete for DYE_2521_rep1_1657571_DYE_2521_S17_L004_R2_001.fastq.gz
Approx 65% complete for DYE_2521_rep1_1657571_DYE_2521_S17_L004_R2_001.fastq.gz
Approx 70% complete for DYE_2521_rep1_1657571_DYE_2521_S17_L004_R2_001.fastq.gz
Approx 75% complete for DYE_2521_rep1_1657571_DYE_2521_S17_L004_R2_001.fastq.gz
Approx 80% complete for DYE_2521_rep1_1657571_DYE_2521_S17_L004_R2_001.fastq.gz
Approx 85% complete for DYE_2521_rep1_1657571_DYE_2521_S17_L004_R2_001.fastq.gz
Approx 90% complete for DYE_2521_rep1_1657571_DYE_2521_S17_L004_R2_001.fastq.gz
Approx 95% complete for DYE_2521_rep1_1657571_DYE_2521_S17_L004_R2_001.fastq.gz
Started analysis of DYE_2522_rep1_1657572_DYE_2522_S18_L004_R2_001.fastq.gz
Approx 5% complete for DYE_2522_rep1_1657572_DYE_2522_S18_L004_R2_001.fastq.gz
Approx 10% complete for DYE_2522_rep1_1657572_DYE_2522_S18_L004_R2_001.fastq.gz
Approx 15% complete for DYE_2522_rep1_1657572_DYE_2522_S18_L004_R2_001.fastq.gz
Approx 20% complete for DYE_2522_rep1_1657572_DYE_2522_S18_L004_R2_001.fastq.gz
Approx 25% complete for DYE_2522_rep1_1657572_DYE_2522_S18_L004_R2_001.fastq.gz
Approx 30% complete for DYE_2522_rep1_1657572_DYE_2522_S18_L004_R2_001.fastq.gz
Approx 35% complete for DYE_2522_rep1_1657572_DYE_2522_S18_L004_R2_001.fastq.gz
Approx 40% complete for DYE_2522_rep1_1657572_DYE_2522_S18_L004_R2_001.fastq.gz
Approx 45% complete for DYE_2522_rep1_1657572_DYE_2522_S18_L004_R2_001.fastq.gz
Approx 50% complete for DYE_2522_rep1_1657572_DYE_2522_S18_L004_R2_001.fastq.gz
Approx 55% complete for DYE_2522_rep1_1657572_DYE_2522_S18_L004_R2_001.fastq.gz
Approx 60% complete for DYE_2522_rep1_1657572_DYE_2522_S18_L004_R2_001.fastq.gz
Approx 65% complete for DYE_2522_rep1_1657572_DYE_2522_S18_L004_R2_001.fastq.gz
Approx 70% complete for DYE_2522_rep1_1657572_DYE_2522_S18_L004_R2_001.fastq.gz
Approx 75% complete for DYE_2522_rep1_1657572_DYE_2522_S18_L004_R2_001.fastq.gz
Approx 80% complete for DYE_2522_rep1_1657572_DYE_2522_S18_L004_R2_001.fastq.gz
Approx 85% complete for DYE_2522_rep1_1657572_DYE_2522_S18_L004_R2_001.fastq.gz
Approx 90% complete for DYE_2522_rep1_1657572_DYE_2522_S18_L004_R2_001.fastq.gz
Approx 95% complete for DYE_2522_rep1_1657572_DYE_2522_S18_L004_R2_001.fastq.gz

/// MultiQC 🔍 v1.25

     version_check | MultiQC Version v1.35 now available!
            fastqc | Found 4 reports
     write_results | Data        : multiqc_data
     write_results | Report      : multiqc_report.html
           multiqc | MultiQC complete
